  [1m[35m (105.5ms)[0m  [1m[35mCREATE DATABASE "bdn_pharmaceuticals_development" ENCODING = 'unicode'[0m
  [1m[35m (123.2ms)[0m  [1m[35mCREATE DATABASE "bdn_pharmaceuticals_development" ENCODING = 'unicode'[0m
  [1m[35m (48.2ms)[0m  [1m[35mCREATE DATABASE "bdn_pharmaceuticals_test" ENCODING = 'unicode'[0m
  [1m[35m (7.2ms)[0m  [1m[35mCREATE TABLE "schema_migrations" ("version" character varying NOT NULL PRIMARY KEY)[0m
  [1m[35m (6.8ms)[0m  [1m[35mCREATE TABLE "ar_internal_metadata" ("key" character varying NOT NULL PRIMARY KEY, "value" character varying, "created_at" timestamp(6) NOT NULL, "updated_at" timestamp(6) NOT NULL)[0m
  [1m[35m (0.2ms)[0m  [1m[34mSELECT pg_try_advisory_lock(8496976194116296425)[0m
  [1m[36mActiveRecord::SchemaMigration Load (0.5ms)[0m  [1m[34mSELECT "schema_migrations"."version" FROM "schema_migrations" ORDER BY "schema_migrations"."version" ASC[0m
  [1m[36mActiveRecord::InternalMetadata Load (0.5ms)[0m  [1m[34mSELECT * FROM "ar_internal_metadata" WHERE "ar_internal_metadata"."key" = $1 ORDER BY "ar_internal_metadata"."key" ASC LIMIT 1[0m  [[nil, "environment"]]
  [1m[36mActiveRecord::InternalMetadata Create (1.1ms)[0m  [1m[32mINSERT INTO "ar_internal_metadata" ("key", "value", "created_at", "updated_at") VALUES ('environment', 'development', '2026-05-31 19:56:22.762297', '2026-05-31 19:56:22.762301') RETURNING "key"[0m
Migrating to CreateUsers (20260531194314)
  [1m[36mTRANSACTION (0.2ms)[0m  [1m[35mBEGIN[0m
  [1m[35m (6.2ms)[0m  [1m[35mCREATE TABLE "users" ("id" bigserial primary key, "name" character varying, "email" character varying, "phone" character varying, "password_digest" character varying, "role" character varying, "created_at" timestamp(6) NOT NULL, "updated_at" timestamp(6) NOT NULL)[0m
  [1m[36mActiveRecord::SchemaMigration Create (0.3ms)[0m  [1m[32mINSERT INTO "schema_migrations" ("version") VALUES ('20260531194314') RETURNING "version"[0m
  [1m[36mTRANSACTION (2.2ms)[0m  [1m[35mCOMMIT[0m
Migrating to CreateSuppliers (20260531194316)
  [1m[36mTRANSACTION (0.2ms)[0m  [1m[35mBEGIN[0m
  [1m[35m (9.9ms)[0m  [1m[35mCREATE TABLE "suppliers" ("id" bigserial primary key, "supplier_name" character varying, "phone" character varying, "contact_person" character varying, "address" text, "city" character varying, "delivery_days" integer, "created_at" timestamp(6) NOT NULL, "updated_at" timestamp(6) NOT NULL)[0m
  [1m[36mActiveRecord::SchemaMigration Create (0.3ms)[0m  [1m[32mINSERT INTO "schema_migrations" ("version") VALUES ('20260531194316') RETURNING "version"[0m
  [1m[36mTRANSACTION (2.1ms)[0m  [1m[35mCOMMIT[0m
Migrating to CreateRawMaterials (20260531194317)
  [1m[36mTRANSACTION (0.2ms)[0m  [1m[35mBEGIN[0m
  [1m[35m (14.3ms)[0m  [1m[35mCREATE TABLE "raw_materials" ("id" bigserial primary key, "material_name" character varying, "unit_of_measurement" character varying, "current_stock_quantity" decimal, "reorder_level" decimal, "supplier_id" integer, "cost_per_unit" decimal, "last_updated_at" timestamp(6), "created_at" timestamp(6) NOT NULL, "updated_at" timestamp(6) NOT NULL)[0m
  [1m[36mActiveRecord::SchemaMigration Create (0.4ms)[0m  [1m[32mINSERT INTO "schema_migrations" ("version") VALUES ('20260531194317') RETURNING "version"[0m
  [1m[36mTRANSACTION (1.9ms)[0m  [1m[35mCOMMIT[0m
Migrating to CreateProductionBatches (20260531194318)
  [1m[36mTRANSACTION (0.2ms)[0m  [1m[35mBEGIN[0m
  [1m[35m (5.6ms)[0m  [1m[35mCREATE TABLE "production_batches" ("id" bigserial primary key, "batch_name" character varying, "batch_date" date, "product_name" character varying, "quantity_produced_liters" decimal, "production_cost" decimal, "expected_sale_price" decimal, "batch_status" character varying, "raw_materials_used" jsonb, "completed_date" date, "created_at" timestamp(6) NOT NULL, "updated_at" timestamp(6) NOT NULL)[0m
  [1m[36mActiveRecord::SchemaMigration Create (0.2ms)[0m  [1m[32mINSERT INTO "schema_migrations" ("version") VALUES ('20260531194318') RETURNING "version"[0m
  [1m[36mTRANSACTION (1.8ms)[0m  [1m[35mCOMMIT[0m
Migrating to CreateQualityLogs (20260531194319)
  [1m[36mTRANSACTION (0.1ms)[0m  [1m[35mBEGIN[0m
  [1m[35m (5.2ms)[0m  [1m[35mCREATE TABLE "quality_logs" ("id" bigserial primary key, "batch_id" integer, "ph_level" decimal, "density" decimal, "color_ok" boolean, "smell_ok" boolean, "purity_test" character varying, "ph_ok" boolean, "density_ok" boolean, "checked_by" character varying, "checked_date" date, "notes" text, "created_at" timestamp(6) NOT NULL, "updated_at" timestamp(6) NOT NULL)[0m
  [1m[36mActiveRecord::SchemaMigration Create (0.3ms)[0m  [1m[32mINSERT INTO "schema_migrations" ("version") VALUES ('20260531194319') RETURNING "version"[0m
  [1m[36mTRANSACTION (1.9ms)[0m  [1m[35mCOMMIT[0m
Migrating to CreateInventories (20260531194320)
  [1m[36mTRANSACTION (0.2ms)[0m  [1m[35mBEGIN[0m
  [1m[35m (6.1ms)[0m  [1m[35mCREATE TABLE "inventories" ("id" bigserial primary key, "product_name" character varying, "quantity_liters" decimal, "quantity_bottles" integer, "storage_location" character varying, "cost_per_liter" decimal, "sale_price_per_liter" decimal, "last_updated_at" timestamp(6), "created_at" timestamp(6) NOT NULL, "updated_at" timestamp(6) NOT NULL)[0m
  [1m[36mActiveRecord::SchemaMigration Create (0.2ms)[0m  [1m[32mINSERT INTO "schema_migrations" ("version") VALUES ('20260531194320') RETURNING "version"[0m
  [1m[36mTRANSACTION (1.7ms)[0m  [1m[35mCOMMIT[0m
Migrating to CreateCustomers (20260531194321)
  [1m[36mTRANSACTION (0.1ms)[0m  [1m[35mBEGIN[0m
  [1m[35m (5.7ms)[0m  [1m[35mCREATE TABLE "customers" ("id" bigserial primary key, "customer_name" character varying, "phone" character varying, "address" text, "city" character varying, "contact_person" character varying, "credit_limit" decimal, "outstanding_amount" decimal, "created_at" timestamp(6) NOT NULL, "updated_at" timestamp(6) NOT NULL)[0m
  [1m[36mActiveRecord::SchemaMigration Create (0.2ms)[0m  [1m[32mINSERT INTO "schema_migrations" ("version") VALUES ('20260531194321') RETURNING "version"[0m
  [1m[36mTRANSACTION (1.7ms)[0m  [1m[35mCOMMIT[0m
Migrating to CreateSalesOrders (20260531194323)
  [1m[36mTRANSACTION (0.2ms)[0m  [1m[35mBEGIN[0m
  [1m[35m (6.2ms)[0m  [1m[35mCREATE TABLE "sales_orders" ("id" bigserial primary key, "customer_id" integer, "customer_name" character varying, "phone" character varying, "address" text, "order_date" date, "product_name" character varying, "quantity_ordered_liters" decimal, "quantity_ordered_bottles" integer, "unit_price" decimal, "total_amount" decimal, "payment_status" character varying, "amount_paid" decimal, "delivery_status" character varying, "delivered_date" date, "created_at" timestamp(6) NOT NULL, "updated_at" timestamp(6) NOT NULL)[0m
  [1m[36mActiveRecord::SchemaMigration Create (0.2ms)[0m  [1m[32mINSERT INTO "schema_migrations" ("version") VALUES ('20260531194323') RETURNING "version"[0m
  [1m[36mTRANSACTION (1.8ms)[0m  [1m[35mCOMMIT[0m
Migrating to CreatePaymentsReceived (20260531194324)
  [1m[36mTRANSACTION (0.2ms)[0m  [1m[35mBEGIN[0m
  [1m[35m (5.8ms)[0m  [1m[35mCREATE TABLE "payments_receiveds" ("id" bigserial primary key, "sales_order_id" integer, "amount_received" decimal, "payment_method" character varying, "received_date" date, "notes" text, "created_at" timestamp(6) NOT NULL, "updated_at" timestamp(6) NOT NULL)[0m
  [1m[36mActiveRecord::SchemaMigration Create (0.2ms)[0m  [1m[32mINSERT INTO "schema_migrations" ("version") VALUES ('20260531194324') RETURNING "version"[0m
  [1m[36mTRANSACTION (1.8ms)[0m  [1m[35mCOMMIT[0m
Migrating to CreateExpenses (20260531194325)
  [1m[36mTRANSACTION (0.2ms)[0m  [1m[35mBEGIN[0m
  [1m[35m (6.4ms)[0m  [1m[35mCREATE TABLE "expenses" ("id" bigserial primary key, "expense_type" character varying, "amount" decimal, "expense_date" date, "description" text, "payment_method" character varying, "created_at" timestamp(6) NOT NULL, "updated_at" timestamp(6) NOT NULL)[0m
  [1m[36mActiveRecord::SchemaMigration Create (0.2ms)[0m  [1m[32mINSERT INTO "schema_migrations" ("version") VALUES ('20260531194325') RETURNING "version"[0m
  [1m[36mTRANSACTION (1.9ms)[0m  [1m[35mCOMMIT[0m
  [1m[35m (0.2ms)[0m  [1m[34mSELECT pg_advisory_unlock(8496976194116296425)[0m
  [1m[36mActiveRecord::SchemaMigration Load (0.3ms)[0m  [1m[34mSELECT "schema_migrations"."version" FROM "schema_migrations" ORDER BY "schema_migrations"."version" ASC[0m
  [1m[36mActiveRecord::SchemaMigration Load (0.2ms)[0m  [1m[34mSELECT "schema_migrations"."version" FROM "schema_migrations" ORDER BY "schema_migrations"."version" ASC[0m
  [1m[36mUser Load (0.3ms)[0m  [1m[34mSELECT "users".* FROM "users" WHERE "users"."email" = $1 LIMIT $2[0m  [["email", "[FILTERED]"], ["LIMIT", 1]]
  [1m[36mTRANSACTION (0.1ms)[0m  [1m[35mBEGIN[0m
  [1m[36mUser Exists? (0.6ms)[0m  [1m[34mSELECT 1 AS one FROM "users" WHERE "users"."email" = $1 LIMIT $2[0m  [["email", "[FILTERED]"], ["LIMIT", 1]]
  [1m[36mUser Create (0.6ms)[0m  [1m[32mINSERT INTO "users" ("name", "email", "phone", "password_digest", "role", "created_at", "updated_at") VALUES ($1, $2, $3, $4, $5, $6, $7) RETURNING "id"[0m  [["name", "Admin Manager"], ["email", "[FILTERED]"], ["phone", "9876543210"], ["password_digest", "[FILTERED]"], ["role", "admin"], ["created_at", "2026-05-31 19:56:23.304131"], ["updated_at", "2026-05-31 19:56:23.304131"]]
  [1m[36mTRANSACTION (1.6ms)[0m  [1m[35mCOMMIT[0m
  [1m[36mUser Load (0.3ms)[0m  [1m[34mSELECT "users".* FROM "users" WHERE "users"."email" = $1 LIMIT $2[0m  [["email", "[FILTERED]"], ["LIMIT", 1]]
  [1m[36mTRANSACTION (0.2ms)[0m  [1m[35mBEGIN[0m
  [1m[36mUser Exists? (1.8ms)[0m  [1m[34mSELECT 1 AS one FROM "users" WHERE "users"."email" = $1 LIMIT $2[0m  [["email", "[FILTERED]"], ["LIMIT", 1]]
  [1m[36mUser Create (0.4ms)[0m  [1m[32mINSERT INTO "users" ("name", "email", "phone", "password_digest", "role", "created_at", "updated_at") VALUES ($1, $2, $3, $4, $5, $6, $7) RETURNING "id"[0m  [["name", "Ram Kumar"], ["email", "[FILTERED]"], ["phone", "9876543211"], ["password_digest", "[FILTERED]"], ["role", "manager"], ["created_at", "2026-05-31 19:56:23.552942"], ["updated_at", "2026-05-31 19:56:23.552942"]]
  [1m[36mTRANSACTION (1.5ms)[0m  [1m[35mCOMMIT[0m
  [1m[36mSupplier Load (0.3ms)[0m  [1m[34mSELECT "suppliers".* FROM "suppliers" WHERE "suppliers"."supplier_name" = $1 LIMIT $2[0m  [["supplier_name", "Raj Chemicals"], ["LIMIT", 1]]
  [1m[36mTRANSACTION (0.1ms)[0m  [1m[35mBEGIN[0m
  [1m[36mSupplier Create (0.4ms)[0m  [1m[32mINSERT INTO "suppliers" ("supplier_name", "phone", "contact_person", "address", "city", "delivery_days", "created_at", "updated_at") VALUES ($1, $2, $3, $4, $5, $6, $7, $8) RETURNING "id"[0m  [["supplier_name", "Raj Chemicals"], ["phone", "9811234567"], ["contact_person", "Rajesh Gupta"], ["address", nil], ["city", "Delhi"], ["delivery_days", 2], ["created_at", "2026-05-31 19:56:23.569542"], ["updated_at", "2026-05-31 19:56:23.569542"]]
  [1m[36mTRANSACTION (1.1ms)[0m  [1m[35mCOMMIT[0m
  [1m[36mSupplier Load (0.2ms)[0m  [1m[34mSELECT "suppliers".* FROM "suppliers" WHERE "suppliers"."supplier_name" = $1 LIMIT $2[0m  [["supplier_name", "Sharma Industries"], ["LIMIT", 1]]
  [1m[36mTRANSACTION (0.1ms)[0m  [1m[35mBEGIN[0m
  [1m[36mSupplier Create (1.3ms)[0m  [1m[32mINSERT INTO "suppliers" ("supplier_name", "phone", "contact_person", "address", "city", "delivery_days", "created_at", "updated_at") VALUES ($1, $2, $3, $4, $5, $6, $7, $8) RETURNING "id"[0m  [["supplier_name", "Sharma Industries"], ["phone", "9823456789"], ["contact_person", "Suresh Sharma"], ["address", nil], ["city", "Mumbai"], ["delivery_days", 4], ["created_at", "2026-05-31 19:56:23.574892"], ["updated_at", "2026-05-31 19:56:23.574892"]]
  [1m[36mTRANSACTION (1.0ms)[0m  [1m[35mCOMMIT[0m
  [1m[36mSupplier Load (0.2ms)[0m  [1m[34mSELECT "suppliers".* FROM "suppliers" WHERE "suppliers"."supplier_name" = $1 LIMIT $2[0m  [["supplier_name", "National Solvents"], ["LIMIT", 1]]
  [1m[36mTRANSACTION (0.1ms)[0m  [1m[35mBEGIN[0m
  [1m[36mSupplier Create (1.4ms)[0m  [1m[32mINSERT INTO "suppliers" ("supplier_name", "phone", "contact_person", "address", "city", "delivery_days", "created_at", "updated_at") VALUES ($1, $2, $3, $4, $5, $6, $7, $8) RETURNING "id"[0m  [["supplier_name", "National Solvents"], ["phone", "9834567890"], ["contact_person", "Priya Nair"], ["address", nil], ["city", "Chennai"], ["delivery_days", 5], ["created_at", "2026-05-31 19:56:23.580904"], ["updated_at", "2026-05-31 19:56:23.580904"]]
  [1m[36mTRANSACTION (1.0ms)[0m  [1m[35mCOMMIT[0m
  [1m[36mSupplier Load (0.2ms)[0m  [1m[34mSELECT "suppliers".* FROM "suppliers" WHERE "suppliers"."supplier_name" = $1 LIMIT $2[0m  [["supplier_name", "Raj Chemicals"], ["LIMIT", 1]]
  [1m[36mSupplier Load (0.2ms)[0m  [1m[34mSELECT "suppliers".* FROM "suppliers" WHERE "suppliers"."supplier_name" = $1 LIMIT $2[0m  [["supplier_name", "Sharma Industries"], ["LIMIT", 1]]
  [1m[36mSupplier Load (0.2ms)[0m  [1m[34mSELECT "suppliers".* FROM "suppliers" WHERE "suppliers"."supplier_name" = $1 LIMIT $2[0m  [["supplier_name", "National Solvents"], ["LIMIT", 1]]
  [1m[36mRawMaterial Load (0.2ms)[0m  [1m[34mSELECT "raw_materials".* FROM "raw_materials" WHERE "raw_materials"."material_name" = $1 LIMIT $2[0m  [["material_name", "Phenol (Pure)"], ["LIMIT", 1]]
  [1m[36mTRANSACTION (0.1ms)[0m  [1m[35mBEGIN[0m
  [1m[36mRawMaterial Create (0.5ms)[0m  [1m[32mINSERT INTO "raw_materials" ("material_name", "unit_of_measurement", "current_stock_quantity", "reorder_level", "supplier_id", "cost_per_unit", "last_updated_at", "created_at", "updated_at") VALUES ($1, $2, $3, $4, $5, $6, $7, $8, $9) RETURNING "id"[0m  [["material_name", "Phenol (Pure)"], ["unit_of_measurement", "liter"], ["current_stock_quantity", "500.0"], ["reorder_level", "100.0"], ["supplier_id", 1], ["cost_per_unit", "150.0"], ["last_updated_at", "2026-05-31 19:56:23.600668"], ["created_at", "2026-05-31 19:56:23.604544"], ["updated_at", "2026-05-31 19:56:23.604544"]]
  [1m[36mTRANSACTION (1.1ms)[0m  [1m[35mCOMMIT[0m
  [1m[36mRawMaterial Load (0.2ms)[0m  [1m[34mSELECT "raw_materials".* FROM "raw_materials" WHERE "raw_materials"."material_name" = $1 LIMIT $2[0m  [["material_name", "Caustic Soda"], ["LIMIT", 1]]
  [1m[36mTRANSACTION (0.1ms)[0m  [1m[35mBEGIN[0m
  [1m[36mRawMaterial Create (1.2ms)[0m  [1m[32mINSERT INTO "raw_materials" ("material_name", "unit_of_measurement", "current_stock_quantity", "reorder_level", "supplier_id", "cost_per_unit", "last_updated_at", "created_at", "updated_at") VALUES ($1, $2, $3, $4, $5, $6, $7, $8, $9) RETURNING "id"[0m  [["material_name", "Caustic Soda"], ["unit_of_measurement", "kg"], ["current_stock_quantity", "200.0"], ["reorder_level", "50.0"], ["supplier_id", 2], ["cost_per_unit", "45.0"], ["last_updated_at", "2026-05-31 19:56:23.618666"], ["created_at", "2026-05-31 19:56:23.618863"], ["updated_at", "2026-05-31 19:56:23.618863"]]
  [1m[36mTRANSACTION (0.9ms)[0m  [1m[35mCOMMIT[0m
  [1m[36mRawMaterial Load (0.2ms)[0m  [1m[34mSELECT "raw_materials".* FROM "raw_materials" WHERE "raw_materials"."material_name" = $1 LIMIT $2[0m  [["material_name", "Distilled Water"], ["LIMIT", 1]]
  [1m[36mTRANSACTION (0.1ms)[0m  [1m[35mBEGIN[0m
  [1m[36mRawMaterial Create (2.0ms)[0m  [1m[32mINSERT INTO "raw_materials" ("material_name", "unit_of_measurement", "current_stock_quantity", "reorder_level", "supplier_id", "cost_per_unit", "last_updated_at", "created_at", "updated_at") VALUES ($1, $2, $3, $4, $5, $6, $7, $8, $9) RETURNING "id"[0m  [["material_name", "Distilled Water"], ["unit_of_measurement", "liter"], ["current_stock_quantity", "1000.0"], ["reorder_level", "200.0"], ["supplier_id", 1], ["cost_per_unit", "5.0"], ["last_updated_at", "2026-05-31 19:56:23.623817"], ["created_at", "2026-05-31 19:56:23.623984"], ["updated_at", "2026-05-31 19:56:23.623984"]]
  [1m[36mTRANSACTION (0.9ms)[0m  [1m[35mCOMMIT[0m
  [1m[36mRawMaterial Load (0.2ms)[0m  [1m[34mSELECT "raw_materials".* FROM "raw_materials" WHERE "raw_materials"."material_name" = $1 LIMIT $2[0m  [["material_name", "Hydrochloric Acid"], ["LIMIT", 1]]
  [1m[36mTRANSACTION (0.1ms)[0m  [1m[35mBEGIN[0m
  [1m[36mRawMaterial Create (1.2ms)[0m  [1m[32mINSERT INTO "raw_materials" ("material_name", "unit_of_measurement", "current_stock_quantity", "reorder_level", "supplier_id", "cost_per_unit", "last_updated_at", "created_at", "updated_at") VALUES ($1, $2, $3, $4, $5, $6, $7, $8, $9) RETURNING "id"[0m  [["material_name", "Hydrochloric Acid"], ["unit_of_measurement", "liter"], ["current_stock_quantity", "80.0"], ["reorder_level", "100.0"], ["supplier_id", 3], ["cost_per_unit", "120.0"], ["last_updated_at", "2026-05-31 19:56:23.629862"], ["created_at", "2026-05-31 19:56:23.630025"], ["updated_at", "2026-05-31 19:56:23.630025"]]
  [1m[36mTRANSACTION (0.9ms)[0m  [1m[35mCOMMIT[0m
  [1m[36mRawMaterial Load (0.2ms)[0m  [1m[34mSELECT "raw_materials".* FROM "raw_materials" WHERE "raw_materials"."material_name" = $1 LIMIT $2[0m  [["material_name", "Surfactant"], ["LIMIT", 1]]
  [1m[36mTRANSACTION (0.1ms)[0m  [1m[35mBEGIN[0m
  [1m[36mRawMaterial Create (1.5ms)[0m  [1m[32mINSERT INTO "raw_materials" ("material_name", "unit_of_measurement", "current_stock_quantity", "reorder_level", "supplier_id", "cost_per_unit", "last_updated_at", "created_at", "updated_at") VALUES ($1, $2, $3, $4, $5, $6, $7, $8, $9) RETURNING "id"[0m  [["material_name", "Surfactant"], ["unit_of_measurement", "kg"], ["current_stock_quantity", "150.0"], ["reorder_level", "30.0"], ["supplier_id", 2], ["cost_per_unit", "250.0"], ["last_updated_at", "2026-05-31 19:56:23.635011"], ["created_at", "2026-05-31 19:56:23.635199"], ["updated_at", "2026-05-31 19:56:23.635199"]]
  [1m[36mTRANSACTION (0.9ms)[0m  [1m[35mCOMMIT[0m
  [1m[36mRawMaterial Load (0.2ms)[0m  [1m[34mSELECT "raw_materials".* FROM "raw_materials" WHERE "raw_materials"."material_name" = $1 LIMIT $2[0m  [["material_name", "Packaging Bottles"], ["LIMIT", 1]]
  [1m[36mTRANSACTION (0.1ms)[0m  [1m[35mBEGIN[0m
  [1m[36mRawMaterial Create (2.0ms)[0m  [1m[32mINSERT INTO "raw_materials" ("material_name", "unit_of_measurement", "current_stock_quantity", "reorder_level", "supplier_id", "cost_per_unit", "last_updated_at", "created_at", "updated_at") VALUES ($1, $2, $3, $4, $5, $6, $7, $8, $9) RETURNING "id"[0m  [["material_name", "Packaging Bottles"], ["unit_of_measurement", "bottle"], ["current_stock_quantity", "2000.0"], ["reorder_level", "500.0"], ["supplier_id", 1], ["cost_per_unit", "8.0"], ["last_updated_at", "2026-05-31 19:56:23.641112"], ["created_at", "2026-05-31 19:56:23.641355"], ["updated_at", "2026-05-31 19:56:23.641355"]]
  [1m[36mTRANSACTION (0.8ms)[0m  [1m[35mCOMMIT[0m
  [1m[36mProductionBatch Load (0.3ms)[0m  [1m[34mSELECT "production_batches".* FROM "production_batches" WHERE "production_batches"."batch_name" = $1 LIMIT $2[0m  [["batch_name", "Batch-001"], ["LIMIT", 1]]
  [1m[36mTRANSACTION (0.1ms)[0m  [1m[35mBEGIN[0m
  [1m[36mProductionBatch Create (0.4ms)[0m  [1m[32mINSERT INTO "production_batches" ("batch_name", "batch_date", "product_name", "quantity_produced_liters", "production_cost", "expected_sale_price", "batch_status", "raw_materials_used", "completed_date", "created_at", "updated_at") VALUES ($1, $2, $3, $4, $5, $6, $7, $8, $9, $10, $11) RETURNING "id"[0m  [["batch_name", "Batch-001"], ["batch_date", "2026-05-26"], ["product_name", "Phenol"], ["quantity_produced_liters", "200.0"], ["production_cost", "18000.0"], ["expected_sale_price", "120.0"], ["batch_status", "ready_sale"], ["raw_materials_used", "{}"], ["completed_date", nil], ["created_at", "2026-05-31 19:56:23.659232"], ["updated_at", "2026-05-31 19:56:23.659232"]]
  [1m[36mTRANSACTION (0.9ms)[0m  [1m[35mCOMMIT[0m
  [1m[36mProductionBatch Load (0.2ms)[0m  [1m[34mSELECT "production_batches".* FROM "production_batches" WHERE "production_batches"."batch_name" = $1 LIMIT $2[0m  [["batch_name", "Batch-002"], ["LIMIT", 1]]
  [1m[36mTRANSACTION (0.1ms)[0m  [1m[35mBEGIN[0m
  [1m[36mProductionBatch Create (1.4ms)[0m  [1m[32mINSERT INTO "production_batches" ("batch_name", "batch_date", "product_name", "quantity_produced_liters", "production_cost", "expected_sale_price", "batch_status", "raw_materials_used", "completed_date", "created_at", "updated_at") VALUES ($1, $2, $3, $4, $5, $6, $7, $8, $9, $10, $11) RETURNING "id"[0m  [["batch_name", "Batch-002"], ["batch_date", "2026-05-28"], ["product_name", "Disinfectant"], ["quantity_produced_liters", "150.0"], ["production_cost", "12000.0"], ["expected_sale_price", "110.0"], ["batch_status", "quality_checked"], ["raw_materials_used", "{}"], ["completed_date", nil], ["created_at", "2026-05-31 19:56:23.663821"], ["updated_at", "2026-05-31 19:56:23.663821"]]
  [1m[36mTRANSACTION (0.9ms)[0m  [1m[35mCOMMIT[0m
  [1m[36mProductionBatch Load (0.2ms)[0m  [1m[34mSELECT "production_batches".* FROM "production_batches" WHERE "production_batches"."batch_name" = $1 LIMIT $2[0m  [["batch_name", "Batch-003"], ["LIMIT", 1]]
  [1m[36mTRANSACTION (0.1ms)[0m  [1m[35mBEGIN[0m
  [1m[36mProductionBatch Create (1.2ms)[0m  [1m[32mINSERT INTO "production_batches" ("batch_name", "batch_date", "product_name", "quantity_produced_liters", "production_cost", "expected_sale_price", "batch_status", "raw_materials_used", "completed_date", "created_at", "updated_at") VALUES ($1, $2, $3, $4, $5, $6, $7, $8, $9, $10, $11) RETURNING "id"[0m  [["batch_name", "Batch-003"], ["batch_date", "2026-05-31"], ["product_name", "Cleaner"], ["quantity_produced_liters", "100.0"], ["production_cost", "7500.0"], ["expected_sale_price", "95.0"], ["batch_status", "in_progress"], ["raw_materials_used", "{}"], ["completed_date", nil], ["created_at", "2026-05-31 19:56:23.669300"], ["updated_at", "2026-05-31 19:56:23.669300"]]
  [1m[36mTRANSACTION (1.0ms)[0m  [1m[35mCOMMIT[0m
  [1m[36mProductionBatch Load (0.2ms)[0m  [1m[34mSELECT "production_batches".* FROM "production_batches" WHERE "production_batches"."batch_name" = $1 LIMIT $2[0m  [["batch_name", "Batch-004"], ["LIMIT", 1]]
  [1m[36mTRANSACTION (0.2ms)[0m  [1m[35mBEGIN[0m
  [1m[36mProductionBatch Create (1.3ms)[0m  [1m[32mINSERT INTO "production_batches" ("batch_name", "batch_date", "product_name", "quantity_produced_liters", "production_cost", "expected_sale_price", "batch_status", "raw_materials_used", "completed_date", "created_at", "updated_at") VALUES ($1, $2, $3, $4, $5, $6, $7, $8, $9, $10, $11) RETURNING "id"[0m  [["batch_name", "Batch-004"], ["batch_date", "2026-05-31"], ["product_name", "Phenol"], ["quantity_produced_liters", "300.0"], ["production_cost", "28000.0"], ["expected_sale_price", "118.0"], ["batch_status", "completed"], ["raw_materials_used", "{}"], ["completed_date", nil], ["created_at", "2026-05-31 19:56:23.674621"], ["updated_at", "2026-05-31 19:56:23.674621"]]
  [1m[36mTRANSACTION (1.0ms)[0m  [1m[35mCOMMIT[0m
  [1m[36mInventory Load (0.2ms)[0m  [1m[34mSELECT "inventories".* FROM "inventories" WHERE "inventories"."product_name" = $1 LIMIT $2[0m  [["product_name", "Phenol"], ["LIMIT", 1]]
  [1m[36mTRANSACTION (0.1ms)[0m  [1m[35mBEGIN[0m
  [1m[36mInventory Create (0.4ms)[0m  [1m[32mINSERT INTO "inventories" ("product_name", "quantity_liters", "quantity_bottles", "storage_location", "cost_per_liter", "sale_price_per_liter", "last_updated_at", "created_at", "updated_at") VALUES ($1, $2, $3, $4, $5, $6, $7, $8, $9) RETURNING "id"[0m  [["product_name", "Phenol"], ["quantity_liters", "180.0"], ["quantity_bottles", nil], ["storage_location", "Tank A"], ["cost_per_liter", "90.0"], ["sale_price_per_liter", "120.0"], ["last_updated_at", "2026-05-31 19:56:23.693983"], ["created_at", "2026-05-31 19:56:23.694886"], ["updated_at", "2026-05-31 19:56:23.694886"]]
  [1m[36mTRANSACTION (1.0ms)[0m  [1m[35mCOMMIT[0m
  [1m[36mInventory Load (0.2ms)[0m  [1m[34mSELECT "inventories".* FROM "inventories" WHERE "inventories"."product_name" = $1 LIMIT $2[0m  [["product_name", "Disinfectant"], ["LIMIT", 1]]
  [1m[36mTRANSACTION (0.1ms)[0m  [1m[35mBEGIN[0m
  [1m[36mInventory Create (1.2ms)[0m  [1m[32mINSERT INTO "inventories" ("product_name", "quantity_liters", "quantity_bottles", "storage_location", "cost_per_liter", "sale_price_per_liter", "last_updated_at", "created_at", "updated_at") VALUES ($1, $2, $3, $4, $5, $6, $7, $8, $9) RETURNING "id"[0m  [["product_name", "Disinfectant"], ["quantity_liters", "120.0"], ["quantity_bottles", nil], ["storage_location", "Tank B"], ["cost_per_liter", "80.0"], ["sale_price_per_liter", "110.0"], ["last_updated_at", "2026-05-31 19:56:23.699330"], ["created_at", "2026-05-31 19:56:23.699402"], ["updated_at", "2026-05-31 19:56:23.699402"]]
  [1m[36mTRANSACTION (0.9ms)[0m  [1m[35mCOMMIT[0m
  [1m[36mCustomer Load (0.2ms)[0m  [1m[34mSELECT "customers".* FROM "customers" WHERE "customers"."customer_name" = $1 LIMIT $2[0m  [["customer_name", "Apollo Hospital"], ["LIMIT", 1]]
  [1m[36mTRANSACTION (0.1ms)[0m  [1m[35mBEGIN[0m
  [1m[36mCustomer Create (0.4ms)[0m  [1m[32mINSERT INTO "customers" ("customer_name", "phone", "address", "city", "contact_person", "credit_limit", "outstanding_amount", "created_at", "updated_at") VALUES ($1, $2, $3, $4, $5, $6, $7, $8, $9) RETURNING "id"[0m  [["customer_name", "Apollo Hospital"], ["phone", "9901234567"], ["address", "Apollo Road, Delhi"], ["city", "Delhi"], ["contact_person", nil], ["credit_limit", nil], ["outstanding_amount", "0.0"], ["created_at", "2026-05-31 19:56:23.713505"], ["updated_at", "2026-05-31 19:56:23.713505"]]
  [1m[36mTRANSACTION (0.9ms)[0m  [1m[35mCOMMIT[0m
  [1m[36mCustomer Load (0.2ms)[0m  [1m[34mSELECT "customers".* FROM "customers" WHERE "customers"."customer_name" = $1 LIMIT $2[0m  [["customer_name", "City Cleaning Co."], ["LIMIT", 1]]
  [1m[36mTRANSACTION (0.1ms)[0m  [1m[35mBEGIN[0m
  [1m[36mCustomer Create (1.6ms)[0m  [1m[32mINSERT INTO "customers" ("customer_name", "phone", "address", "city", "contact_person", "credit_limit", "outstanding_amount", "created_at", "updated_at") VALUES ($1, $2, $3, $4, $5, $6, $7, $8, $9) RETURNING "id"[0m  [["customer_name", "City Cleaning Co."], ["phone", "9912345678"], ["address", "Business Park, Mumbai"], ["city", "Mumbai"], ["contact_person", nil], ["credit_limit", nil], ["outstanding_amount", "5000.0"], ["created_at", "2026-05-31 19:56:23.718039"], ["updated_at", "2026-05-31 19:56:23.718039"]]
  [1m[36mTRANSACTION (1.0ms)[0m  [1m[35mCOMMIT[0m
  [1m[36mCustomer Load (0.2ms)[0m  [1m[34mSELECT "customers".* FROM "customers" WHERE "customers"."customer_name" = $1 LIMIT $2[0m  [["customer_name", "Star Pharma"], ["LIMIT", 1]]
  [1m[36mTRANSACTION (0.1ms)[0m  [1m[35mBEGIN[0m
  [1m[36mCustomer Create (1.3ms)[0m  [1m[32mINSERT INTO "customers" ("customer_name", "phone", "address", "city", "contact_person", "credit_limit", "outstanding_amount", "created_at", "updated_at") VALUES ($1, $2, $3, $4, $5, $6, $7, $8, $9) RETURNING "id"[0m  [["customer_name", "Star Pharma"], ["phone", "9923456789"], ["address", "Industrial Area, Pune"], ["city", "Pune"], ["contact_person", nil], ["credit_limit", nil], ["outstanding_amount", "0.0"], ["created_at", "2026-05-31 19:56:23.723747"], ["updated_at", "2026-05-31 19:56:23.723747"]]
  [1m[36mTRANSACTION (1.0ms)[0m  [1m[35mCOMMIT[0m
  [1m[36mCustomer Load (0.2ms)[0m  [1m[34mSELECT "customers".* FROM "customers" WHERE "customers"."customer_name" = $1 LIMIT $2[0m  [["customer_name", "Quick Clean Ltd."], ["LIMIT", 1]]
  [1m[36mTRANSACTION (0.1ms)[0m  [1m[35mBEGIN[0m
  [1m[36mCustomer Create (1.3ms)[0m  [1m[32mINSERT INTO "customers" ("customer_name", "phone", "address", "city", "contact_person", "credit_limit", "outstanding_amount", "created_at", "updated_at") VALUES ($1, $2, $3, $4, $5, $6, $7, $8, $9) RETURNING "id"[0m  [["customer_name", "Quick Clean Ltd."], ["phone", "9934567890"], ["address", "MG Road, Chennai"], ["city", "Chennai"], ["contact_person", nil], ["credit_limit", nil], ["outstanding_amount", "12000.0"], ["created_at", "2026-05-31 19:56:23.729100"], ["updated_at", "2026-05-31 19:56:23.729100"]]
  [1m[36mTRANSACTION (1.0ms)[0m  [1m[35mCOMMIT[0m
  [1m[36mCustomer Load (0.3ms)[0m  [1m[34mSELECT "customers".* FROM "customers" WHERE "customers"."customer_name" = $1 LIMIT $2[0m  [["customer_name", "Apollo Hospital"], ["LIMIT", 1]]
  [1m[36mCustomer Load (0.2ms)[0m  [1m[34mSELECT "customers".* FROM "customers" WHERE "customers"."customer_name" = $1 LIMIT $2[0m  [["customer_name", "City Cleaning Co."], ["LIMIT", 1]]
  [1m[36mCustomer Load (0.2ms)[0m  [1m[34mSELECT "customers".* FROM "customers" WHERE "customers"."customer_name" = $1 LIMIT $2[0m  [["customer_name", "Star Pharma"], ["LIMIT", 1]]
  [1m[36mCustomer Load (0.2ms)[0m  [1m[34mSELECT "customers".* FROM "customers" WHERE "customers"."customer_name" = $1 LIMIT $2[0m  [["customer_name", "Quick Clean Ltd."], ["LIMIT", 1]]
  [1m[36mSalesOrder Load (0.3ms)[0m  [1m[34mSELECT "sales_orders".* FROM "sales_orders" WHERE "sales_orders"."customer_name" = $1 AND "sales_orders"."order_date" = $2 LIMIT $3[0m  [["customer_name", "Apollo Hospital"], ["order_date", "2026-05-31"], ["LIMIT", 1]]
  [1m[36mTRANSACTION (0.1ms)[0m  [1m[35mBEGIN[0m
  [1m[36mSalesOrder Create (0.4ms)[0m  [1m[32mINSERT INTO "sales_orders" ("customer_id", "customer_name", "phone", "address", "order_date", "product_name", "quantity_ordered_liters", "quantity_ordered_bottles", "unit_price", "total_amount", "payment_status", "amount_paid", "delivery_status", "delivered_date", "created_at", "updated_at") VALUES ($1, $2, $3, $4, $5, $6, $7, $8, $9, $10, $11, $12, $13, $14, $15, $16) RETURNING "id"[0m  [["customer_id", 1], ["customer_name", "Apollo Hospital"], ["phone", "9901234567"], ["address", nil], ["order_date", "2026-05-31"], ["product_name", "Phenol"], ["quantity_ordered_liters", "50.0"], ["quantity_ordered_bottles", nil], ["unit_price", "120.0"], ["total_amount", "6000.0"], ["payment_status", "paid"], ["amount_paid", "6000.0"], ["delivery_status", "delivered"], ["delivered_date", nil], ["created_at", "2026-05-31 19:56:23.750890"], ["updated_at", "2026-05-31 19:56:23.750890"]]
  [1m[36mInventory Load (0.3ms)[0m  [1m[34mSELECT "inventories".* FROM "inventories" WHERE "inventories"."product_name" = $1 LIMIT $2[0m  [["product_name", "Phenol"], ["LIMIT", 1]]
  ↳ app/models/sales_order.rb:54:in `deduct_inventory'
  [1m[36mInventory Update (0.3ms)[0m  [1m[33mUPDATE "inventories" SET "quantity_liters" = $1, "last_updated_at" = $2, "updated_at" = $3 WHERE "inventories"."id" = $4[0m  [["quantity_liters", "130.0"], ["last_updated_at", "2026-05-31 19:56:23.753785"], ["updated_at", "2026-05-31 19:56:23.753945"], ["id", 1]]
  ↳ app/models/inventory.rb:23:in `deduct!'
  [1m[36mTRANSACTION (3.1ms)[0m  [1m[35mCOMMIT[0m
  [1m[36mSalesOrder Load (0.2ms)[0m  [1m[34mSELECT "sales_orders".* FROM "sales_orders" WHERE "sales_orders"."customer_name" = $1 AND "sales_orders"."order_date" = $2 LIMIT $3[0m  [["customer_name", "City Cleaning Co."], ["order_date", "2026-05-29"], ["LIMIT", 1]]
  [1m[36mTRANSACTION (0.1ms)[0m  [1m[35mBEGIN[0m
  [1m[36mSalesOrder Create (1.4ms)[0m  [1m[32mINSERT INTO "sales_orders" ("customer_id", "customer_name", "phone", "address", "order_date", "product_name", "quantity_ordered_liters", "quantity_ordered_bottles", "unit_price", "total_amount", "payment_status", "amount_paid", "delivery_status", "delivered_date", "created_at", "updated_at") VALUES ($1, $2, $3, $4, $5, $6, $7, $8, $9, $10, $11, $12, $13, $14, $15, $16) RETURNING "id"[0m  [["customer_id", 2], ["customer_name", "City Cleaning Co."], ["phone", "9912345678"], ["address", nil], ["order_date", "2026-05-29"], ["product_name", "Disinfectant"], ["quantity_ordered_liters", "100.0"], ["quantity_ordered_bottles", nil], ["unit_price", "110.0"], ["total_amount", "11000.0"], ["payment_status", "partial"], ["amount_paid", "6000.0"], ["delivery_status", "delivered"], ["delivered_date", nil], ["created_at", "2026-05-31 19:56:23.760585"], ["updated_at", "2026-05-31 19:56:23.760585"]]
  [1m[36mInventory Load (0.2ms)[0m  [1m[34mSELECT "inventories".* FROM "inventories" WHERE "inventories"."product_name" = $1 LIMIT $2[0m  [["product_name", "Disinfectant"], ["LIMIT", 1]]
  ↳ app/models/sales_order.rb:54:in `deduct_inventory'
  [1m[36mInventory Update (0.3ms)[0m  [1m[33mUPDATE "inventories" SET "quantity_liters" = $1, "last_updated_at" = $2, "updated_at" = $3 WHERE "inventories"."id" = $4[0m  [["quantity_liters", "20.0"], ["last_updated_at", "2026-05-31 19:56:23.770823"], ["updated_at", "2026-05-31 19:56:23.770943"], ["id", 2]]
  ↳ app/models/inventory.rb:23:in `deduct!'
  [1m[36mTRANSACTION (1.1ms)[0m  [1m[35mCOMMIT[0m
  [1m[36mSalesOrder Load (0.3ms)[0m  [1m[34mSELECT "sales_orders".* FROM "sales_orders" WHERE "sales_orders"."customer_name" = $1 AND "sales_orders"."order_date" = $2 LIMIT $3[0m  [["customer_name", "Star Pharma"], ["order_date", "2026-05-28"], ["LIMIT", 1]]
  [1m[36mTRANSACTION (0.2ms)[0m  [1m[35mBEGIN[0m
  [1m[36mSalesOrder Create (1.4ms)[0m  [1m[32mINSERT INTO "sales_orders" ("customer_id", "customer_name", "phone", "address", "order_date", "product_name", "quantity_ordered_liters", "quantity_ordered_bottles", "unit_price", "total_amount", "payment_status", "amount_paid", "delivery_status", "delivered_date", "created_at", "updated_at") VALUES ($1, $2, $3, $4, $5, $6, $7, $8, $9, $10, $11, $12, $13, $14, $15, $16) RETURNING "id"[0m  [["customer_id", 3], ["customer_name", "Star Pharma"], ["phone", "9923456789"], ["address", nil], ["order_date", "2026-05-28"], ["product_name", "Phenol"], ["quantity_ordered_liters", "30.0"], ["quantity_ordered_bottles", nil], ["unit_price", "118.0"], ["total_amount", "3540.0"], ["payment_status", "paid"], ["amount_paid", "3540.0"], ["delivery_status", "delivered"], ["delivered_date", nil], ["created_at", "2026-05-31 19:56:23.775271"], ["updated_at", "2026-05-31 19:56:23.775271"]]
  [1m[36mInventory Load (0.2ms)[0m  [1m[34mSELECT "inventories".* FROM "inventories" WHERE "inventories"."product_name" = $1 LIMIT $2[0m  [["product_name", "Phenol"], ["LIMIT", 1]]
  ↳ app/models/sales_order.rb:54:in `deduct_inventory'
  [1m[36mInventory Update (0.2ms)[0m  [1m[33mUPDATE "inventories" SET "quantity_liters" = $1, "last_updated_at" = $2, "updated_at" = $3 WHERE "inventories"."id" = $4[0m  [["quantity_liters", "100.0"], ["last_updated_at", "2026-05-31 19:56:23.778765"], ["updated_at", "2026-05-31 19:56:23.778881"], ["id", 1]]
  ↳ app/models/inventory.rb:23:in `deduct!'
  [1m[36mTRANSACTION (0.9ms)[0m  [1m[35mCOMMIT[0m
  [1m[36mSalesOrder Load (0.3ms)[0m  [1m[34mSELECT "sales_orders".* FROM "sales_orders" WHERE "sales_orders"."customer_name" = $1 AND "sales_orders"."order_date" = $2 LIMIT $3[0m  [["customer_name", "Quick Clean Ltd."], ["order_date", "2026-05-26"], ["LIMIT", 1]]
  [1m[36mTRANSACTION (0.2ms)[0m  [1m[35mBEGIN[0m
  [1m[36mSalesOrder Create (1.3ms)[0m  [1m[32mINSERT INTO "sales_orders" ("customer_id", "customer_name", "phone", "address", "order_date", "product_name", "quantity_ordered_liters", "quantity_ordered_bottles", "unit_price", "total_amount", "payment_status", "amount_paid", "delivery_status", "delivered_date", "created_at", "updated_at") VALUES ($1, $2, $3, $4, $5, $6, $7, $8, $9, $10, $11, $12, $13, $14, $15, $16) RETURNING "id"[0m  [["customer_id", 4], ["customer_name", "Quick Clean Ltd."], ["phone", "9934567890"], ["address", nil], ["order_date", "2026-05-26"], ["product_name", "Disinfectant"], ["quantity_ordered_liters", "80.0"], ["quantity_ordered_bottles", nil], ["unit_price", "108.0"], ["total_amount", "8640.0"], ["payment_status", "pending"], ["amount_paid", "0.0"], ["delivery_status", "pending"], ["delivered_date", nil], ["created_at", "2026-05-31 19:56:23.783998"], ["updated_at", "2026-05-31 19:56:23.783998"]]
  [1m[36mInventory Load (0.2ms)[0m  [1m[34mSELECT "inventories".* FROM "inventories" WHERE "inventories"."product_name" = $1 LIMIT $2[0m  [["product_name", "Disinfectant"], ["LIMIT", 1]]
  ↳ app/models/sales_order.rb:54:in `deduct_inventory'
  [1m[36mInventory Update (0.2ms)[0m  [1m[33mUPDATE "inventories" SET "quantity_liters" = $1, "last_updated_at" = $2, "updated_at" = $3 WHERE "inventories"."id" = $4[0m  [["quantity_liters", "-60.0"], ["last_updated_at", "2026-05-31 19:56:23.787434"], ["updated_at", "2026-05-31 19:56:23.787547"], ["id", 2]]
  ↳ app/models/inventory.rb:23:in `deduct!'
  [1m[36mTRANSACTION (0.9ms)[0m  [1m[35mCOMMIT[0m
  [1m[36mExpense Load (0.3ms)[0m  [1m[34mSELECT "expenses".* FROM "expenses" WHERE "expenses"."description" = $1 LIMIT $2[0m  [["description", "Monthly salaries"], ["LIMIT", 1]]
  [1m[36mTRANSACTION (0.1ms)[0m  [1m[35mBEGIN[0m
  [1m[36mExpense Create (0.4ms)[0m  [1m[32mINSERT INTO "expenses" ("expense_type", "amount", "expense_date", "description", "payment_method", "created_at", "updated_at") VALUES ($1, $2, $3, $4, $5, $6, $7) RETURNING "id"[0m  [["expense_type", "worker_salary"], ["amount", "45000.0"], ["expense_date", "2026-05-01"], ["description", "Monthly salaries"], ["payment_method", "bank"], ["created_at", "2026-05-31 19:56:23.800948"], ["updated_at", "2026-05-31 19:56:23.800948"]]
  [1m[36mTRANSACTION (1.1ms)[0m  [1m[35mCOMMIT[0m
  [1m[36mExpense Load (0.2ms)[0m  [1m[34mSELECT "expenses".* FROM "expenses" WHERE "expenses"."description" = $1 LIMIT $2[0m  [["description", "Electricity bill"], ["LIMIT", 1]]
  [1m[36mTRANSACTION (0.2ms)[0m  [1m[35mBEGIN[0m
  [1m[36mExpense Create (1.9ms)[0m  [1m[32mINSERT INTO "expenses" ("expense_type", "amount", "expense_date", "description", "payment_method", "created_at", "updated_at") VALUES ($1, $2, $3, $4, $5, $6, $7) RETURNING "id"[0m  [["expense_type", "utility"], ["amount", "8500.0"], ["expense_date", "2026-05-26"], ["description", "Electricity bill"], ["payment_method", "bank"], ["created_at", "2026-05-31 19:56:23.805584"], ["updated_at", "2026-05-31 19:56:23.805584"]]
  [1m[36mTRANSACTION (1.2ms)[0m  [1m[35mCOMMIT[0m
  [1m[36mExpense Load (0.2ms)[0m  [1m[34mSELECT "expenses".* FROM "expenses" WHERE "expenses"."description" = $1 LIMIT $2[0m  [["description", "Phenol purchase"], ["LIMIT", 1]]
  [1m[36mTRANSACTION (0.2ms)[0m  [1m[35mBEGIN[0m
  [1m[36mExpense Create (1.3ms)[0m  [1m[32mINSERT INTO "expenses" ("expense_type", "amount", "expense_date", "description", "payment_method", "created_at", "updated_at") VALUES ($1, $2, $3, $4, $5, $6, $7) RETURNING "id"[0m  [["expense_type", "raw_material"], ["amount", "25000.0"], ["expense_date", "2026-05-24"], ["description", "Phenol purchase"], ["payment_method", "check"], ["created_at", "2026-05-31 19:56:23.811648"], ["updated_at", "2026-05-31 19:56:23.811648"]]
  [1m[36mTRANSACTION (1.0ms)[0m  [1m[35mCOMMIT[0m
  [1m[36mExpense Load (0.2ms)[0m  [1m[34mSELECT "expenses".* FROM "expenses" WHERE "expenses"."description" = $1 LIMIT $2[0m  [["description", "Delivery truck charges"], ["LIMIT", 1]]
  [1m[36mTRANSACTION (0.2ms)[0m  [1m[35mBEGIN[0m
  [1m[36mExpense Create (1.4ms)[0m  [1m[32mINSERT INTO "expenses" ("expense_type", "amount", "expense_date", "description", "payment_method", "created_at", "updated_at") VALUES ($1, $2, $3, $4, $5, $6, $7) RETURNING "id"[0m  [["expense_type", "transport"], ["amount", "3500.0"], ["expense_date", "2026-05-29"], ["description", "Delivery truck charges"], ["payment_method", "cash"], ["created_at", "2026-05-31 19:56:23.817448"], ["updated_at", "2026-05-31 19:56:23.817448"]]
  [1m[36mTRANSACTION (1.1ms)[0m  [1m[35mCOMMIT[0m
  [1m[36mExpense Load (0.3ms)[0m  [1m[34mSELECT "expenses".* FROM "expenses" WHERE "expenses"."description" = $1 LIMIT $2[0m  [["description", "Bottles and labels"], ["LIMIT", 1]]
  [1m[36mTRANSACTION (0.2ms)[0m  [1m[35mBEGIN[0m
  [1m[36mExpense Create (1.3ms)[0m  [1m[32mINSERT INTO "expenses" ("expense_type", "amount", "expense_date", "description", "payment_method", "created_at", "updated_at") VALUES ($1, $2, $3, $4, $5, $6, $7) RETURNING "id"[0m  [["expense_type", "packaging"], ["amount", "4000.0"], ["expense_date", "2026-05-27"], ["description", "Bottles and labels"], ["payment_method", "cash"], ["created_at", "2026-05-31 19:56:23.823125"], ["updated_at", "2026-05-31 19:56:23.823125"]]
  [1m[36mTRANSACTION (1.0ms)[0m  [1m[35mCOMMIT[0m
  [1m[36mUser Count (0.4ms)[0m  [1m[34mSELECT COUNT(*) FROM "users"[0m
  [1m[36mRawMaterial Count (0.3ms)[0m  [1m[34mSELECT COUNT(*) FROM "raw_materials"[0m
  [1m[36mSalesOrder Count (0.3ms)[0m  [1m[34mSELECT COUNT(*) FROM "sales_orders"[0m
  [1m[36mUser Count (0.4ms)[0m  [1m[34mSELECT COUNT(*) FROM "users"[0m
  [1m[36mRawMaterial Count (0.3ms)[0m  [1m[34mSELECT COUNT(*) FROM "raw_materials"[0m
  [1m[36mSupplier Count (0.3ms)[0m  [1m[34mSELECT COUNT(*) FROM "suppliers"[0m
  [1m[36mProductionBatch Count (0.3ms)[0m  [1m[34mSELECT COUNT(*) FROM "production_batches"[0m
  [1m[36mInventory Count (0.3ms)[0m  [1m[34mSELECT COUNT(*) FROM "inventories"[0m
  [1m[36mCustomer Count (0.3ms)[0m  [1m[34mSELECT COUNT(*) FROM "customers"[0m
  [1m[36mSalesOrder Count (0.3ms)[0m  [1m[34mSELECT COUNT(*) FROM "sales_orders"[0m
  [1m[36mExpense Count (0.3ms)[0m  [1m[34mSELECT COUNT(*) FROM "expenses"[0m
  [1m[36mRawMaterial Count (0.2ms)[0m  [1m[34mSELECT COUNT(*) FROM "raw_materials" WHERE (current_stock_quantity <= reorder_level)[0m
  [1m[36mUser Load (0.2ms)[0m  [1m[34mSELECT "users".* FROM "users" WHERE "users"."email" = $1 LIMIT $2[0m  [["email", "[FILTERED]"], ["LIMIT", 1]]
  [1m[36mSalesOrder Sum (0.2ms)[0m  [1m[34mSELECT SUM("sales_orders"."amount_paid") FROM "sales_orders" WHERE "sales_orders"."order_date" BETWEEN $1 AND $2[0m  [["order_date", "2026-05-01"], ["order_date", "2026-05-31"]]
  [1m[36mExpense Sum (0.2ms)[0m  [1m[34mSELECT SUM("expenses"."amount") FROM "expenses" WHERE "expenses"."expense_date" BETWEEN $1 AND $2[0m  [["expense_date", "2026-05-01"], ["expense_date", "2026-05-31"]]
